Flow report for MOTORPAP
Wed Aug 08 08:56:59 2018
Quartus II 32-bit Version 13.0.0 Build 156 04/24/2013 SJ Web Edition


---------------------
; Table of Contents ;
---------------------
  1. Legal Notice
  2. Flow Summary
  3. Flow Settings
  4. Flow Non-Default Global Settings
  5. Flow Elapsed Time
  6. Flow OS Summary
  7. Flow Log
  8. Flow Messages
  9. Flow Suppressed Messages



----------------
; Legal Notice ;
----------------
Copyright (C) 1991-2013 Altera Corporation
Your use of Altera Corporation's design tools, logic functions 
and other software and tools, and its AMPP partner logic 
functions, and any output files from any of the foregoing 
(including device programming or simulation files), and any 
associated documentation or information are expressly subject 
to the terms and conditions of the Altera Program License 
Subscription Agreement, Altera MegaCore Function License 
Agreement, or other applicable license agreement, including, 
without limitation, that your use is for the sole purpose of 
programming logic devices manufactured by Altera and sold by 
Altera or its authorized distributors.  Please refer to the 
applicable agreement for further details.



+----------------------------------------------------------------------------------+
; Flow Summary                                                                     ;
+-------------------------------------+--------------------------------------------+
; Flow Status                         ; Successful - Wed Aug 08 08:56:58 2018      ;
; Quartus II 32-bit Version           ; 13.0.0 Build 156 04/24/2013 SJ Web Edition ;
; Revision Name                       ; MOTORPAP                                   ;
; Top-level Entity Name               ; MOTORPAP                                   ;
; Family                              ; Cyclone V                                  ;
; Device                              ; 5CGXFC7C7F23C8                             ;
; Timing Models                       ; Preliminary                                ;
; Logic utilization (in ALMs)         ; N/A                                        ;
; Total registers                     ; 6                                          ;
; Total pins                          ; 11                                         ;
; Total virtual pins                  ; 0                                          ;
; Total block memory bits             ; 0                                          ;
; Total DSP Blocks                    ; 0                                          ;
; Total HSSI RX PCSs                  ; 0                                          ;
; Total HSSI PMA RX Deserializers     ; 0                                          ;
; Total HSSI PMA RX ATT Deserializers ; 0                                          ;
; Total HSSI TX PCSs                  ; 0                                          ;
; Total HSSI PMA TX Serializers       ; 0                                          ;
; Total HSSI PMA TX ATT Serializers   ; 0                                          ;
; Total PLLs                          ; 0                                          ;
; Total DLLs                          ; 0                                          ;
+-------------------------------------+--------------------------------------------+


+-----------------------------------------+
; Flow Settings                           ;
+-------------------+---------------------+
; Option            ; Setting             ;
+-------------------+---------------------+
; Start date & time ; 08/07/2018 20:02:26 ;
; Main task         ; Compilation         ;
; Revision Name     ; MOTORPAP            ;
+-------------------+---------------------+


+----------------------------------------------------------------------------------------------------------------------------+
; Flow Non-Default Global Settings                                                                                           ;
+-------------------------------------+---------------------------------------+---------------+-------------+----------------+
; Assignment Name                     ; Value                                 ; Default Value ; Entity Name ; Section Id     ;
+-------------------------------------+---------------------------------------+---------------+-------------+----------------+
; COMPILER_SIGNATURE_ID               ; 165403033778.153368294504012          ; --            ; --          ; --             ;
; EDA_GENERATE_FUNCTIONAL_NETLIST     ; On                                    ; --            ; --          ; eda_simulation ;
; EDA_OUTPUT_DATA_FORMAT              ; Verilog Hdl                           ; --            ; --          ; eda_simulation ;
; EDA_SIMULATION_TOOL                 ; ModelSim-Altera (Verilog)             ; <None>        ; --          ; --             ;
; EDA_TIME_SCALE                      ; 1 ps                                  ; --            ; --          ; eda_simulation ;
; MAX_CORE_JUNCTION_TEMP              ; 85                                    ; --            ; --          ; --             ;
; MIN_CORE_JUNCTION_TEMP              ; 0                                     ; --            ; --          ; --             ;
; PARTITION_COLOR                     ; 16764057                              ; --            ; --          ; Top            ;
; PARTITION_FITTER_PRESERVATION_LEVEL ; PLACEMENT_AND_ROUTING                 ; --            ; --          ; Top            ;
; PARTITION_NETLIST_TYPE              ; SOURCE                                ; --            ; --          ; Top            ;
; POWER_BOARD_THERMAL_MODEL           ; None (CONSERVATIVE)                   ; --            ; --          ; --             ;
; POWER_PRESET_COOLING_SOLUTION       ; 23 MM HEAT SINK WITH 200 LFPM AIRFLOW ; --            ; --          ; --             ;
; PROJECT_OUTPUT_DIRECTORY            ; output_files                          ; --            ; --          ; --             ;
+-------------------------------------+---------------------------------------+---------------+-------------+----------------+


+--------------------------------------------------------------------------------------------------------------------------+
; Flow Elapsed Time                                                                                                        ;
+----------------------+--------------+-------------------------+---------------------+------------------------------------+
; Module Name          ; Elapsed Time ; Average Processors Used ; Peak Virtual Memory ; Total CPU Time (on all processors) ;
+----------------------+--------------+-------------------------+---------------------+------------------------------------+
; Analysis & Synthesis ; 00:00:05     ; 1.0                     ; 377 MB              ; 00:00:05                           ;
; EDA Netlist Writer   ; 00:00:03     ; 1.0                     ; 353 MB              ; 00:00:03                           ;
; EDA Netlist Writer   ; 00:00:03     ; 1.0                     ; 369 MB              ; 00:00:03                           ;
; EDA Netlist Writer   ; 00:00:05     ; 1.0                     ; 353 MB              ; 00:00:03                           ;
; EDA Netlist Writer   ; 00:00:04     ; 1.0                     ; 369 MB              ; 00:00:03                           ;
; Total                ; 00:00:20     ; --                      ; --                  ; 00:00:17                           ;
+----------------------+--------------+-------------------------+---------------------+------------------------------------+


+-----------------------------------------------------------------------------------+
; Flow OS Summary                                                                   ;
+----------------------+------------------+-----------+------------+----------------+
; Module Name          ; Machine Hostname ; OS Name   ; OS Version ; Processor type ;
+----------------------+------------------+-----------+------------+----------------+
; Analysis & Synthesis ; HUGOMON-PC       ; Windows 7 ; 6.1        ; i686           ;
; EDA Netlist Writer   ; HUGOMON-PC       ; Windows 7 ; 6.1        ; i686           ;
; EDA Netlist Writer   ; HUGOMON-PC       ; Windows 7 ; 6.1        ; i686           ;
; EDA Netlist Writer   ; HUGOMON-PC       ; Windows 7 ; 6.1        ; i686           ;
; EDA Netlist Writer   ; HUGOMON-PC       ; Windows 7 ; 6.1        ; i686           ;
+----------------------+------------------+-----------+------------+----------------+


------------
; Flow Log ;
------------
quartus_map --read_settings_files=on --write_settings_files=off MOTORPAP -c MOTORPAP
quartus_eda --gen_testbench --check_outputs=on --tool=modelsim_oem --format=verilog MOTORPAP -c MOTORPAP --vector_source=C:/Users/guido/Desktop/PAP/mp/TF03PAP/TESTMOTORPAP.vwf --testbench_file=./simulation/qsim/MOTORPAP.vt
quartus_eda --functional=on --simulation=on --tool=modelsim_oem --format=verilog MOTORPAP -c MOTORPAP
quartus_eda --gen_testbench --check_outputs=on --tool=modelsim_oem --format=verilog MOTORPAP -c MOTORPAP --vector_source="G:/Diseño Logico/MOTOR/TF03PAP/TESTMOTORPAP.vwf" --testbench_file=./simulation/qsim/MOTORPAP.vt
quartus_eda --functional=on --simulation=on --tool=modelsim_oem --format=verilog MOTORPAP -c MOTORPAP



